   1               		.file	"BlinkyBall.c"
   2               	__SREG__ = 0x3f
   3               	__SP_H__ = 0x3e
   4               	__SP_L__ = 0x3d
   5               	__CCP__  = 0x34
   6               	__tmp_reg__ = 0
   7               	__zero_reg__ = 1
   8               		.section	.init3,"ax",@progbits
   9               	.global	init
  11               	init:
  12               	/* prologue: naked */
  13               	/* frame size = 0 */
  14 0000 80E8      		ldi r24,lo8(-128)
  15 0002 88B9      		out 40-32,r24
  16 0004 8DE3      		ldi r24,lo8(61)
  17 0006 84BB      		out 52-32,r24
  18 0008 04B6      		in __tmp_reg__,84-32
  19 000a 00FC      		sbrc __tmp_reg__,0
  20 000c 00C0      		rjmp .L5
  21               	.L2:
  22 000e 04B6      		in __tmp_reg__,84-32
  23 0010 01FE      		sbrs __tmp_reg__,1
  24 0012 00C0      		rjmp .L3
  25 0014 8091 0000 		lds r24,mode
  26 0018 8F5F      		subi r24,lo8(-(1))
  27 001a 8093 0000 		sts mode,r24
  28 001e 8091 0000 		lds r24,mode
  29 0022 8430      		cpi r24,lo8(4)
  30 0024 00F0      		brlo .L3
  31               	.L5:
  32 0026 1092 0000 		sts mode,__zero_reg__
  33               	.L3:
  34 002a 14BE      		out 84-32,__zero_reg__
  35 002c 8DE1      		ldi r24,lo8(29)
  36 002e 88BB      		out 56-32,r24
  37 0030 87BB      		out 55-32,r24
  38 0032 81E0      		ldi r24,lo8(1)
  39 0034 83BF      		out 83-32,r24
  40 0036 82E0      		ldi r24,lo8(2)
  41 0038 89BF      		out 89-32,r24
  42               	/* #APP */
  43               	 ;  98 "BlinkyBall.c" 1
  44 003a 7894      		sei
  45               	 ;  0 "" 2
  46               	/* epilogue start */
  47               	/* #NOAPP */
  49               		.text
  50               	.global	delay
  52               	delay:
  53               	/* prologue: function */
  54               	/* frame size = 0 */
  55 0000 8093 0000 		sts downcounter,r24
  56 0004 90E6      		ldi r25,lo8(96)
  57 0006 00C0      		rjmp .L7
  58               	.L8:
  59 0008 95BF      		out 85-32,r25
  60               	/* #APP */
  61               	 ;  113 "BlinkyBall.c" 1
  62 000a 8895      		sleep
  63               	 ;  0 "" 2
  64               	/* #NOAPP */
  65               	.L7:
  66 000c 8091 0000 		lds r24,downcounter
  67 0010 8823      		tst r24
  68 0012 01F4      		brne .L8
  69               	/* epilogue start */
  70 0014 0895      		ret
  72               	.global	prand
  74               	prand:
  75               	/* prologue: function */
  76               	/* frame size = 0 */
  77 0016 8091 0000 		lds r24,prand_value.1283
  78 001a 9091 0000 		lds r25,(prand_value.1283)+1
  79 001e 9C01      		movw r18,r24
  80 0020 2170      		andi r18,lo8(1)
  81 0022 3070      		andi r19,hi8(1)
  82 0024 3095      		com r19
  83 0026 2195      		neg r18
  84 0028 3F4F      		sbci r19,lo8(-1)
  85 002a 2170      		andi r18,lo8(-12287)
  86 002c 307D      		andi r19,hi8(-12287)
  87 002e 9695      		lsr r25
  88 0030 8795      		ror r24
  89 0032 2827      		eor r18,r24
  90 0034 3927      		eor r19,r25
  91 0036 3093 0000 		sts (prand_value.1283)+1,r19
  92 003a 2093 0000 		sts prand_value.1283,r18
  93 003e C901      		movw r24,r18
  94               	/* epilogue start */
  95 0040 0895      		ret
  97               	.global	sleep
  99               	sleep:
 100               	/* prologue: function */
 101               	/* frame size = 0 */
 102 0042 8BE1      		ldi r24,lo8(27)
 103 0044 88BB      		out 56-32,r24
 104               	/* #APP */
 105               	 ;  166 "BlinkyBall.c" 1
 106 0046 F894      		cli
 107               	 ;  0 "" 2
 108               	/* #NOAPP */
 109 0048 83E0      		ldi r24,lo8(3)
 110 004a 8CBF      		out 92-32,r24
 111 004c 80BF      		out 80-32,r24
 112 004e 92E0      		ldi r25,lo8(2)
 113 0050 90BF      		out 80-32,r25
 114 0052 80E7      		ldi r24,lo8(112)
 115 0054 85BF      		out 85-32,r24
 116 0056 95BF      		out 85-32,r25
 117 0058 80E4      		ldi r24,lo8(64)
 118 005a 8BBF      		out 91-32,r24
 119               	/* #APP */
 120               	 ;  174 "BlinkyBall.c" 1
 121 005c 7894      		sei
 122               	 ;  0 "" 2
 123               	 ;  175 "BlinkyBall.c" 1
 124 005e 8895      		sleep
 125               	 ;  0 "" 2
 126               	/* epilogue start */
 127               	/* #NOAPP */
 128 0060 0895      		ret
 130               	.global	main
 132               	main:
 133 0062 1F93      		push r17
 134 0064 CF93      		push r28
 135 0066 DF93      		push r29
 136               	/* prologue: function */
 137               	/* frame size = 0 */
 138 0068 1092 0000 		sts (interrupt)+1,__zero_reg__
 139 006c 1092 0000 		sts interrupt,__zero_reg__
 140 0070 17E0      		ldi r17,lo8(7)
 141 0072 C8EA      		ldi r28,lo8(25000)
 142 0074 D1E6      		ldi r29,hi8(25000)
 143               	.L18:
 144 0076 1F5F      		subi r17,lo8(-(1))
 145 0078 1730      		cpi r17,lo8(7)
 146 007a 00F0      		brlo .L15
 147 007c 10E0      		ldi r17,lo8(0)
 148               	.L15:
 149 007e E12F      		mov r30,r17
 150 0080 F0E0      		ldi r31,lo8(0)
 151 0082 E050      		subi r30,lo8(-(bbits.1294))
 152 0084 F040      		sbci r31,hi8(-(bbits.1294))
 153 0086 8081      		ld r24,Z
 154 0088 88BB      		out 56-32,r24
 155 008a CE01      		movw r24,r28
 156               	/* #APP */
 157               	 ;  105 "c:/winavr-20100110/lib/gcc/../../avr/include/util/delay_basic.h" 1
 158 008c 0197      		1: sbiw r24,1
 159 008e 01F4      		brne 1b
 160               	 ;  0 "" 2
 161               	/* #NOAPP */
 162 0090 00C0      		rjmp .L16
 163               	.L17:
 164 0092 00D0      		rcall sleep
 165               	.L16:
 166 0094 8091 0000 		lds r24,interrupt
 167 0098 9091 0000 		lds r25,(interrupt)+1
 168 009c 892B      		or r24,r25
 169 009e 01F0      		breq .L17
 170 00a0 8091 0000 		lds r24,interrupt
 171 00a4 9091 0000 		lds r25,(interrupt)+1
 172 00a8 0197      		sbiw r24,1
 173 00aa 9093 0000 		sts (interrupt)+1,r25
 174 00ae 8093 0000 		sts interrupt,r24
 175 00b2 00C0      		rjmp .L18
 177               	.global	__vector_3
 179               	__vector_3:
 180 00b4 1F92      		push __zero_reg__
 181 00b6 0F92      		push r0
 182 00b8 0FB6      		in r0,__SREG__
 183 00ba 0F92      		push r0
 184 00bc 1124      		clr __zero_reg__
 185 00be 8F93      		push r24
 186               	/* prologue: Signal */
 187               	/* frame size = 0 */
 188 00c0 8091 0000 		lds r24,downcounter
 189 00c4 8150      		subi r24,lo8(-(-1))
 190 00c6 8093 0000 		sts downcounter,r24
 191               	/* epilogue start */
 192 00ca 8F91      		pop r24
 193 00cc 0F90      		pop r0
 194 00ce 0FBE      		out __SREG__,r0
 195 00d0 0F90      		pop r0
 196 00d2 1F90      		pop __zero_reg__
 197 00d4 1895      		reti
 199               	.global	__vector_1
 201               	__vector_1:
 202 00d6 1F92      		push __zero_reg__
 203 00d8 0F92      		push r0
 204 00da 0FB6      		in r0,__SREG__
 205 00dc 0F92      		push r0
 206 00de 1124      		clr __zero_reg__
 207 00e0 8F93      		push r24
 208 00e2 9F93      		push r25
 209               	/* prologue: Signal */
 210               	/* frame size = 0 */
 211 00e4 89E1      		ldi r24,lo8(25)
 212 00e6 90E0      		ldi r25,hi8(25)
 213 00e8 9093 0000 		sts (interrupt)+1,r25
 214 00ec 8093 0000 		sts interrupt,r24
 215               	/* epilogue start */
 216 00f0 9F91      		pop r25
 217 00f2 8F91      		pop r24
 218 00f4 0F90      		pop r0
 219 00f6 0FBE      		out __SREG__,r0
 220 00f8 0F90      		pop r0
 221 00fa 1F90      		pop __zero_reg__
 222 00fc 1895      		reti
 224               		.data
 227               	bbits.1294:
 228 0000 02        		.byte	2
 229 0001 03        		.byte	3
 230 0002 0A        		.byte	10
 231 0003 12        		.byte	18
 232 0004 0B        		.byte	11
 233 0005 13        		.byte	19
 234 0006 1A        		.byte	26
 237               	prand_value.1283:
 238 0007 1EDA      		.word	-9698
 239               		.comm loop,2,1
 240               		.comm interrupt,2,1
 241               		.comm reset,2,1
 242               		.comm max,2,1
 243               	.global	mode
 244               		.section	.noinit,"aw",@nobits
 247               	mode:
 248 0000 00        		.skip 1,0
 249               		.comm downcounter,1,1
 250               	.global __do_copy_data
 251               	.global __do_clear_bss
DEFINED SYMBOLS
                            *ABS*:00000000 BlinkyBall.c
C:\Users\CRJones\AppData\Local\Temp/ccjCfPDI.s:2      *ABS*:0000003f __SREG__
C:\Users\CRJones\AppData\Local\Temp/ccjCfPDI.s:3      *ABS*:0000003e __SP_H__
C:\Users\CRJones\AppData\Local\Temp/ccjCfPDI.s:4      *ABS*:0000003d __SP_L__
C:\Users\CRJones\AppData\Local\Temp/ccjCfPDI.s:5      *ABS*:00000034 __CCP__
C:\Users\CRJones\AppData\Local\Temp/ccjCfPDI.s:6      *ABS*:00000000 __tmp_reg__
C:\Users\CRJones\AppData\Local\Temp/ccjCfPDI.s:7      *ABS*:00000001 __zero_reg__
C:\Users\CRJones\AppData\Local\Temp/ccjCfPDI.s:11     .init3:00000000 init
C:\Users\CRJones\AppData\Local\Temp/ccjCfPDI.s:247    .noinit:00000000 mode
C:\Users\CRJones\AppData\Local\Temp/ccjCfPDI.s:52     .text:00000000 delay
                            *COM*:00000001 downcounter
C:\Users\CRJones\AppData\Local\Temp/ccjCfPDI.s:74     .text:00000016 prand
C:\Users\CRJones\AppData\Local\Temp/ccjCfPDI.s:237    .data:00000007 prand_value.1283
C:\Users\CRJones\AppData\Local\Temp/ccjCfPDI.s:99     .text:00000042 sleep
C:\Users\CRJones\AppData\Local\Temp/ccjCfPDI.s:132    .text:00000062 main
                            *COM*:00000002 interrupt
C:\Users\CRJones\AppData\Local\Temp/ccjCfPDI.s:227    .data:00000000 bbits.1294
C:\Users\CRJones\AppData\Local\Temp/ccjCfPDI.s:179    .text:000000b4 __vector_3
C:\Users\CRJones\AppData\Local\Temp/ccjCfPDI.s:201    .text:000000d6 __vector_1
                            *COM*:00000002 loop
                            *COM*:00000002 reset
                            *COM*:00000002 max

UNDEFINED SYMBOLS
__do_copy_data
__do_clear_bss
