   1               		.file	"BlinkyBall.c"
   2               	__SREG__ = 0x3f
   3               	__SP_H__ = 0x3e
   4               	__SP_L__ = 0x3d
   5               	__CCP__  = 0x34
   6               	__tmp_reg__ = 0
   7               	__zero_reg__ = 1
   8               		.section	.init3,"ax",@progbits
   9               	.global	init
  11               	init:
  12               	/* prologue: naked */
  13               	/* frame size = 0 */
  14 0000 80E8      		ldi r24,lo8(-128)
  15 0002 88B9      		out 40-32,r24
  16 0004 8DE3      		ldi r24,lo8(61)
  17 0006 84BB      		out 52-32,r24
  18 0008 04B6      		in __tmp_reg__,84-32
  19 000a 00FC      		sbrc __tmp_reg__,0
  20 000c 00C0      		rjmp .L5
  21               	.L2:
  22 000e 04B6      		in __tmp_reg__,84-32
  23 0010 01FE      		sbrs __tmp_reg__,1
  24 0012 00C0      		rjmp .L3
  25 0014 8091 0000 		lds r24,mode
  26 0018 8F5F      		subi r24,lo8(-(1))
  27 001a 8093 0000 		sts mode,r24
  28 001e 8091 0000 		lds r24,mode
  29 0022 8430      		cpi r24,lo8(4)
  30 0024 00F0      		brlo .L3
  31               	.L5:
  32 0026 1092 0000 		sts mode,__zero_reg__
  33               	.L3:
  34 002a 14BE      		out 84-32,__zero_reg__
  35 002c 8DE1      		ldi r24,lo8(29)
  36 002e 88BB      		out 56-32,r24
  37 0030 87BB      		out 55-32,r24
  38 0032 81E0      		ldi r24,lo8(1)
  39 0034 83BF      		out 83-32,r24
  40 0036 82E0      		ldi r24,lo8(2)
  41 0038 89BF      		out 89-32,r24
  42 003a 85BF      		out 85-32,r24
  43 003c 80E4      		ldi r24,lo8(64)
  44 003e 8BBF      		out 91-32,r24
  45               	/* #APP */
  46               	 ;  102 "BlinkyBall.c" 1
  47 0040 7894      		sei
  48               	 ;  0 "" 2
  49               	/* epilogue start */
  50               	/* #NOAPP */
  52               		.text
  53               	.global	delay
  55               	delay:
  56               	/* prologue: function */
  57               	/* frame size = 0 */
  58 0000 8093 0000 		sts downcounter,r24
  59 0004 90E6      		ldi r25,lo8(96)
  60 0006 00C0      		rjmp .L7
  61               	.L8:
  62 0008 95BF      		out 85-32,r25
  63               	/* #APP */
  64               	 ;  117 "BlinkyBall.c" 1
  65 000a 8895      		sleep
  66               	 ;  0 "" 2
  67               	/* #NOAPP */
  68               	.L7:
  69 000c 8091 0000 		lds r24,downcounter
  70 0010 8823      		tst r24
  71 0012 01F4      		brne .L8
  72               	/* epilogue start */
  73 0014 0895      		ret
  75               	.global	prand
  77               	prand:
  78               	/* prologue: function */
  79               	/* frame size = 0 */
  80 0016 8091 0000 		lds r24,prand_value.1285
  81 001a 9091 0000 		lds r25,(prand_value.1285)+1
  82 001e 9C01      		movw r18,r24
  83 0020 2170      		andi r18,lo8(1)
  84 0022 3070      		andi r19,hi8(1)
  85 0024 3095      		com r19
  86 0026 2195      		neg r18
  87 0028 3F4F      		sbci r19,lo8(-1)
  88 002a 2170      		andi r18,lo8(-12287)
  89 002c 307D      		andi r19,hi8(-12287)
  90 002e 9695      		lsr r25
  91 0030 8795      		ror r24
  92 0032 2827      		eor r18,r24
  93 0034 3927      		eor r19,r25
  94 0036 3093 0000 		sts (prand_value.1285)+1,r19
  95 003a 2093 0000 		sts prand_value.1285,r18
  96 003e C901      		movw r24,r18
  97               	/* epilogue start */
  98 0040 0895      		ret
 100               	.global	main
 102               	main:
 103               	/* prologue: function */
 104               	/* frame size = 0 */
 105 0042 1092 0000 		sts (interrupt)+1,__zero_reg__
 106 0046 1092 0000 		sts interrupt,__zero_reg__
 107 004a 28E0      		ldi r18,lo8(8)
 108 004c 44E2      		ldi r20,lo8(-3036)
 109 004e 54EF      		ldi r21,hi8(-3036)
 110               	.L15:
 111 0050 2F5F      		subi r18,lo8(-(1))
 112 0052 2830      		cpi r18,lo8(8)
 113 0054 00F0      		brlo .L13
 114 0056 20E0      		ldi r18,lo8(0)
 115               	.L13:
 116 0058 E22F      		mov r30,r18
 117 005a F0E0      		ldi r31,lo8(0)
 118 005c E050      		subi r30,lo8(-(bbits.1296))
 119 005e F040      		sbci r31,hi8(-(bbits.1296))
 120 0060 8081      		ld r24,Z
 121 0062 88BB      		out 56-32,r24
 122 0064 CA01      		movw r24,r20
 123               	/* #APP */
 124               	 ;  105 "c:/winavr-20100110/lib/gcc/../../avr/include/util/delay_basic.h" 1
 125 0066 0197      		1: sbiw r24,1
 126 0068 01F4      		brne 1b
 127               	 ;  0 "" 2
 128               	/* #NOAPP */
 129               	.L14:
 130 006a 8091 0000 		lds r24,interrupt
 131 006e 9091 0000 		lds r25,(interrupt)+1
 132 0072 892B      		or r24,r25
 133 0074 01F0      		breq .L14
 134 0076 8091 0000 		lds r24,interrupt
 135 007a 9091 0000 		lds r25,(interrupt)+1
 136 007e 0197      		sbiw r24,1
 137 0080 9093 0000 		sts (interrupt)+1,r25
 138 0084 8093 0000 		sts interrupt,r24
 139 0088 00C0      		rjmp .L15
 141               	.global	sleep
 143               	sleep:
 144               	/* prologue: function */
 145               	/* frame size = 0 */
 146 008a 8FE1      		ldi r24,lo8(31)
 147 008c 88BB      		out 56-32,r24
 148               	/* #APP */
 149               	 ;  171 "BlinkyBall.c" 1
 150 008e F894      		cli
 151               	 ;  0 "" 2
 152               	/* #NOAPP */
 153 0090 83E0      		ldi r24,lo8(3)
 154 0092 8CBF      		out 92-32,r24
 155 0094 80BF      		out 80-32,r24
 156 0096 82E0      		ldi r24,lo8(2)
 157 0098 80BF      		out 80-32,r24
 158 009a 80E7      		ldi r24,lo8(112)
 159 009c 85BF      		out 85-32,r24
 160               	/* #APP */
 161               	 ;  176 "BlinkyBall.c" 1
 162 009e 8895      		sleep
 163               	 ;  0 "" 2
 164               	/* epilogue start */
 165               	/* #NOAPP */
 166 00a0 0895      		ret
 168               	.global	__vector_3
 170               	__vector_3:
 171 00a2 1F92      		push __zero_reg__
 172 00a4 0F92      		push r0
 173 00a6 0FB6      		in r0,__SREG__
 174 00a8 0F92      		push r0
 175 00aa 1124      		clr __zero_reg__
 176 00ac 8F93      		push r24
 177               	/* prologue: Signal */
 178               	/* frame size = 0 */
 179 00ae 8091 0000 		lds r24,downcounter
 180 00b2 8150      		subi r24,lo8(-(-1))
 181 00b4 8093 0000 		sts downcounter,r24
 182               	/* epilogue start */
 183 00b8 8F91      		pop r24
 184 00ba 0F90      		pop r0
 185 00bc 0FBE      		out __SREG__,r0
 186 00be 0F90      		pop r0
 187 00c0 1F90      		pop __zero_reg__
 188 00c2 1895      		reti
 190               	.global	__vector_1
 192               	__vector_1:
 193 00c4 1F92      		push __zero_reg__
 194 00c6 0F92      		push r0
 195 00c8 0FB6      		in r0,__SREG__
 196 00ca 0F92      		push r0
 197 00cc 1124      		clr __zero_reg__
 198 00ce 8F93      		push r24
 199 00d0 9F93      		push r25
 200               	/* prologue: Signal */
 201               	/* frame size = 0 */
 202 00d2 89E1      		ldi r24,lo8(25)
 203 00d4 90E0      		ldi r25,hi8(25)
 204 00d6 9093 0000 		sts (interrupt)+1,r25
 205 00da 8093 0000 		sts interrupt,r24
 206               	/* epilogue start */
 207 00de 9F91      		pop r25
 208 00e0 8F91      		pop r24
 209 00e2 0F90      		pop r0
 210 00e4 0FBE      		out __SREG__,r0
 211 00e6 0F90      		pop r0
 212 00e8 1F90      		pop __zero_reg__
 213 00ea 1895      		reti
 215               		.data
 218               	bbits.1296:
 219 0000 02        		.byte	2
 220 0001 03        		.byte	3
 221 0002 0A        		.byte	10
 222 0003 12        		.byte	18
 223 0004 0B        		.byte	11
 224 0005 13        		.byte	19
 225 0006 1A        		.byte	26
 226 0007 1B        		.byte	27
 229               	prand_value.1285:
 230 0008 1EDA      		.word	-9698
 231               		.comm loop,2,1
 232               		.comm interrupt,2,1
 233               		.comm reset,2,1
 234               		.comm max,2,1
 235               	.global	mode
 236               		.section	.noinit,"aw",@nobits
 239               	mode:
 240 0000 00        		.skip 1,0
 241               		.comm downcounter,1,1
 242               	.global __do_copy_data
 243               	.global __do_clear_bss
DEFINED SYMBOLS
                            *ABS*:00000000 BlinkyBall.c
C:\Users\CRJones\AppData\Local\Temp/ccxQrMhG.s:2      *ABS*:0000003f __SREG__
C:\Users\CRJones\AppData\Local\Temp/ccxQrMhG.s:3      *ABS*:0000003e __SP_H__
C:\Users\CRJones\AppData\Local\Temp/ccxQrMhG.s:4      *ABS*:0000003d __SP_L__
C:\Users\CRJones\AppData\Local\Temp/ccxQrMhG.s:5      *ABS*:00000034 __CCP__
C:\Users\CRJones\AppData\Local\Temp/ccxQrMhG.s:6      *ABS*:00000000 __tmp_reg__
C:\Users\CRJones\AppData\Local\Temp/ccxQrMhG.s:7      *ABS*:00000001 __zero_reg__
C:\Users\CRJones\AppData\Local\Temp/ccxQrMhG.s:11     .init3:00000000 init
C:\Users\CRJones\AppData\Local\Temp/ccxQrMhG.s:239    .noinit:00000000 mode
C:\Users\CRJones\AppData\Local\Temp/ccxQrMhG.s:55     .text:00000000 delay
                            *COM*:00000001 downcounter
C:\Users\CRJones\AppData\Local\Temp/ccxQrMhG.s:77     .text:00000016 prand
C:\Users\CRJones\AppData\Local\Temp/ccxQrMhG.s:229    .data:00000008 prand_value.1285
C:\Users\CRJones\AppData\Local\Temp/ccxQrMhG.s:102    .text:00000042 main
                            *COM*:00000002 interrupt
C:\Users\CRJones\AppData\Local\Temp/ccxQrMhG.s:218    .data:00000000 bbits.1296
C:\Users\CRJones\AppData\Local\Temp/ccxQrMhG.s:143    .text:0000008a sleep
C:\Users\CRJones\AppData\Local\Temp/ccxQrMhG.s:170    .text:000000a2 __vector_3
C:\Users\CRJones\AppData\Local\Temp/ccxQrMhG.s:192    .text:000000c4 __vector_1
                            *COM*:00000002 loop
                            *COM*:00000002 reset
                            *COM*:00000002 max

UNDEFINED SYMBOLS
__do_copy_data
__do_clear_bss
