   1               		.file	"BlinkyBall.c"
   2               	__SREG__ = 0x3f
   3               	__SP_H__ = 0x3e
   4               	__SP_L__ = 0x3d
   5               	__CCP__  = 0x34
   6               	__tmp_reg__ = 0
   7               	__zero_reg__ = 1
   8               		.section	.init3,"ax",@progbits
   9               	.global	init
  11               	init:
  12               	/* prologue: naked */
  13               	/* frame size = 0 */
  14 0000 80E8      		ldi r24,lo8(-128)
  15 0002 88B9      		out 40-32,r24
  16 0004 8FE3      		ldi r24,lo8(63)
  17 0006 84BB      		out 52-32,r24
  18 0008 04B6      		in __tmp_reg__,84-32
  19 000a 00FC      		sbrc __tmp_reg__,0
  20 000c 00C0      		rjmp .L5
  21               	.L2:
  22 000e 04B6      		in __tmp_reg__,84-32
  23 0010 01FE      		sbrs __tmp_reg__,1
  24 0012 00C0      		rjmp .L3
  25 0014 8091 0000 		lds r24,mode
  26 0018 8F5F      		subi r24,lo8(-(1))
  27 001a 8093 0000 		sts mode,r24
  28 001e 8091 0000 		lds r24,mode
  29 0022 8430      		cpi r24,lo8(4)
  30 0024 00F0      		brlo .L3
  31               	.L5:
  32 0026 1092 0000 		sts mode,__zero_reg__
  33               	.L3:
  34 002a 14BE      		out 84-32,__zero_reg__
  35 002c 8FE1      		ldi r24,lo8(31)
  36 002e 88BB      		out 56-32,r24
  37 0030 8DE1      		ldi r24,lo8(29)
  38 0032 87BB      		out 55-32,r24
  39 0034 81E0      		ldi r24,lo8(1)
  40 0036 83BF      		out 83-32,r24
  41 0038 82E0      		ldi r24,lo8(2)
  42 003a 89BF      		out 89-32,r24
  43 003c 85BF      		out 85-32,r24
  44 003e 80E4      		ldi r24,lo8(64)
  45 0040 8BBF      		out 91-32,r24
  46               	/* #APP */
  47               	 ;  102 "BlinkyBall.c" 1
  48 0042 7894      		sei
  49               	 ;  0 "" 2
  50               	/* epilogue start */
  51               	/* #NOAPP */
  53               		.text
  54               	.global	delay
  56               	delay:
  57               	/* prologue: function */
  58               	/* frame size = 0 */
  59 0000 9093 0000 		sts (downcounter)+1,r25
  60 0004 8093 0000 		sts downcounter,r24
  61 0008 20E6      		ldi r18,lo8(96)
  62 000a 00C0      		rjmp .L7
  63               	.L8:
  64 000c 25BF      		out 85-32,r18
  65               	/* #APP */
  66               	 ;  117 "BlinkyBall.c" 1
  67 000e 8895      		sleep
  68               	 ;  0 "" 2
  69               	/* #NOAPP */
  70               	.L7:
  71 0010 8091 0000 		lds r24,downcounter
  72 0014 9091 0000 		lds r25,(downcounter)+1
  73 0018 892B      		or r24,r25
  74 001a 01F4      		brne .L8
  75               	/* epilogue start */
  76 001c 0895      		ret
  78               	.global	sleep
  80               	sleep:
  81               	/* prologue: function */
  82               	/* frame size = 0 */
  83 001e 9BE1      		ldi r25,lo8(27)
  84 0020 98BB      		out 56-32,r25
  85 0022 93E0      		ldi r25,lo8(3)
  86 0024 9CBF      		out 92-32,r25
  87 0026 90BF      		out 80-32,r25
  88 0028 22E0      		ldi r18,lo8(2)
  89 002a 20BF      		out 80-32,r18
  90 002c 90E7      		ldi r25,lo8(112)
  91 002e 95BF      		out 85-32,r25
  92 0030 8823      		tst r24
  93 0032 01F0      		breq .L11
  94 0034 25BF      		out 85-32,r18
  95 0036 80E4      		ldi r24,lo8(64)
  96 0038 8BBF      		out 91-32,r24
  97               	/* #APP */
  98               	 ;  170 "BlinkyBall.c" 1
  99 003a 7894      		sei
 100               	 ;  0 "" 2
 101               	/* #NOAPP */
 102 003c 00C0      		rjmp .L12
 103               	.L11:
 104               	/* #APP */
 105               	 ;  173 "BlinkyBall.c" 1
 106 003e F894      		cli
 107               	 ;  0 "" 2
 108               	/* #NOAPP */
 109               	.L12:
 110               	/* #APP */
 111               	 ;  175 "BlinkyBall.c" 1
 112 0040 8895      		sleep
 113               	 ;  0 "" 2
 114               	/* #NOAPP */
 115 0042 00D0      		rcall init
 116               	/* epilogue start */
 117 0044 0895      		ret
 119               	.global	blink
 121               	blink:
 122 0046 0F93      		push r16
 123 0048 1F93      		push r17
 124 004a CF93      		push r28
 125 004c DF93      		push r29
 126               	/* prologue: function */
 127               	/* frame size = 0 */
 128 004e EC01      		movw r28,r24
 129 0050 89E1      		ldi r24,lo8(25)
 130 0052 8093 0000 		sts interrupt,r24
 131 0056 13E0      		ldi r17,lo8(3)
 132 0058 00E6      		ldi r16,lo8(96)
 133               	.L20:
 134 005a 1F5F      		subi r17,lo8(-(1))
 135 005c 1330      		cpi r17,lo8(3)
 136 005e 00F0      		brlo .L15
 137 0060 10E0      		ldi r17,lo8(0)
 138               	.L15:
 139 0062 E12F      		mov r30,r17
 140 0064 F0E0      		ldi r31,lo8(0)
 141 0066 E050      		subi r30,lo8(-(bbits))
 142 0068 F040      		sbci r31,hi8(-(bbits))
 143 006a 8081      		ld r24,Z
 144 006c 88BB      		out 56-32,r24
 145 006e D093 0000 		sts (downcounter)+1,r29
 146 0072 C093 0000 		sts downcounter,r28
 147 0076 00C0      		rjmp .L16
 148               	.L17:
 149 0078 05BF      		out 85-32,r16
 150               	/* #APP */
 151               	 ;  117 "BlinkyBall.c" 1
 152 007a 8895      		sleep
 153               	 ;  0 "" 2
 154               	/* #NOAPP */
 155               	.L16:
 156 007c 8091 0000 		lds r24,downcounter
 157 0080 9091 0000 		lds r25,(downcounter)+1
 158 0084 892B      		or r24,r25
 159 0086 01F4      		brne .L17
 160 0088 8091 0000 		lds r24,interrupt
 161 008c 8150      		subi r24,lo8(-(-1))
 162 008e 8093 0000 		sts interrupt,r24
 163 0092 00C0      		rjmp .L18
 164               	.L22:
 165 0094 81E0      		ldi r24,lo8(1)
 166 0096 00D0      		rcall sleep
 167               	.L18:
 168 0098 8091 0000 		lds r24,interrupt
 169 009c 8823      		tst r24
 170 009e 01F4      		brne .L20
 171 00a0 00C0      		rjmp .L22
 173               	.global	main
 175               	main:
 176               	/* prologue: function */
 177               	/* frame size = 0 */
 178 00a2 8091 0000 		lds r24,mode
 179 00a6 8130      		cpi r24,lo8(1)
 180 00a8 01F0      		breq .L26
 181 00aa 8130      		cpi r24,lo8(1)
 182 00ac 00F0      		brlo .L25
 183 00ae 8230      		cpi r24,lo8(2)
 184 00b0 01F0      		breq .L27
 185 00b2 8330      		cpi r24,lo8(3)
 186 00b4 01F4      		brne .L24
 187 00b6 00C0      		rjmp .L31
 188               	.L25:
 189 00b8 84EF      		ldi r24,lo8(500)
 190 00ba 91E0      		ldi r25,hi8(500)
 191 00bc 00C0      		rjmp .L30
 192               	.L26:
 193 00be 8EEE      		ldi r24,lo8(750)
 194 00c0 92E0      		ldi r25,hi8(750)
 195               	.L30:
 196 00c2 00D0      		rcall blink
 197 00c4 00C0      		rjmp .L24
 198               	.L27:
 199 00c6 8CED      		ldi r24,lo8(1500)
 200 00c8 95E0      		ldi r25,hi8(1500)
 201 00ca 00C0      		rjmp .L30
 202               	.L31:
 203 00cc 80E0      		ldi r24,lo8(0)
 204 00ce 00D0      		rcall sleep
 205               	.L24:
 206 00d0 80E0      		ldi r24,lo8(0)
 207 00d2 90E0      		ldi r25,hi8(0)
 208               	/* epilogue start */
 209 00d4 0895      		ret
 211               	.global	__vector_3
 213               	__vector_3:
 214 00d6 1F92      		push __zero_reg__
 215 00d8 0F92      		push r0
 216 00da 0FB6      		in r0,__SREG__
 217 00dc 0F92      		push r0
 218 00de 1124      		clr __zero_reg__
 219 00e0 8F93      		push r24
 220 00e2 9F93      		push r25
 221               	/* prologue: Signal */
 222               	/* frame size = 0 */
 223 00e4 8091 0000 		lds r24,downcounter
 224 00e8 9091 0000 		lds r25,(downcounter)+1
 225 00ec 0197      		sbiw r24,1
 226 00ee 9093 0000 		sts (downcounter)+1,r25
 227 00f2 8093 0000 		sts downcounter,r24
 228               	/* epilogue start */
 229 00f6 9F91      		pop r25
 230 00f8 8F91      		pop r24
 231 00fa 0F90      		pop r0
 232 00fc 0FBE      		out __SREG__,r0
 233 00fe 0F90      		pop r0
 234 0100 1F90      		pop __zero_reg__
 235 0102 1895      		reti
 237               	.global	__vector_1
 239               	__vector_1:
 240 0104 1F92      		push __zero_reg__
 241 0106 0F92      		push r0
 242 0108 0FB6      		in r0,__SREG__
 243 010a 0F92      		push r0
 244 010c 1124      		clr __zero_reg__
 245 010e 8F93      		push r24
 246               	/* prologue: Signal */
 247               	/* frame size = 0 */
 248 0110 89E1      		ldi r24,lo8(25)
 249 0112 8093 0000 		sts interrupt,r24
 250               	/* epilogue start */
 251 0116 8F91      		pop r24
 252 0118 0F90      		pop r0
 253 011a 0FBE      		out __SREG__,r0
 254 011c 0F90      		pop r0
 255 011e 1F90      		pop __zero_reg__
 256 0120 1895      		reti
 258               	.global	bbits
 259               		.data
 262               	bbits:
 263 0000 1A        		.byte	26
 264 0001 0B        		.byte	11
 265 0002 13        		.byte	19
 266               	.global	mode
 267               		.section	.noinit,"aw",@nobits
 270               	mode:
 271 0000 00        		.skip 1,0
 272               		.comm interrupt,1,1
 273               		.comm downcounter,2,1
 274               	.global __do_copy_data
 275               	.global __do_clear_bss
DEFINED SYMBOLS
                            *ABS*:00000000 BlinkyBall.c
C:\Users\CRJones\AppData\Local\Temp/ccQjNvkh.s:2      *ABS*:0000003f __SREG__
C:\Users\CRJones\AppData\Local\Temp/ccQjNvkh.s:3      *ABS*:0000003e __SP_H__
C:\Users\CRJones\AppData\Local\Temp/ccQjNvkh.s:4      *ABS*:0000003d __SP_L__
C:\Users\CRJones\AppData\Local\Temp/ccQjNvkh.s:5      *ABS*:00000034 __CCP__
C:\Users\CRJones\AppData\Local\Temp/ccQjNvkh.s:6      *ABS*:00000000 __tmp_reg__
C:\Users\CRJones\AppData\Local\Temp/ccQjNvkh.s:7      *ABS*:00000001 __zero_reg__
C:\Users\CRJones\AppData\Local\Temp/ccQjNvkh.s:11     .init3:00000000 init
C:\Users\CRJones\AppData\Local\Temp/ccQjNvkh.s:270    .noinit:00000000 mode
C:\Users\CRJones\AppData\Local\Temp/ccQjNvkh.s:56     .text:00000000 delay
                            *COM*:00000002 downcounter
C:\Users\CRJones\AppData\Local\Temp/ccQjNvkh.s:80     .text:0000001e sleep
C:\Users\CRJones\AppData\Local\Temp/ccQjNvkh.s:121    .text:00000046 blink
                            *COM*:00000001 interrupt
C:\Users\CRJones\AppData\Local\Temp/ccQjNvkh.s:262    .data:00000000 bbits
C:\Users\CRJones\AppData\Local\Temp/ccQjNvkh.s:175    .text:000000a2 main
C:\Users\CRJones\AppData\Local\Temp/ccQjNvkh.s:213    .text:000000d6 __vector_3
C:\Users\CRJones\AppData\Local\Temp/ccQjNvkh.s:239    .text:00000104 __vector_1

UNDEFINED SYMBOLS
__do_copy_data
__do_clear_bss
